******************************************************************************
                  TI ARM Linker PC v15.12.3                    
******************************************************************************
>> Linked Wed Sep 27 14:36:40 2017

OUTPUT FILE NAME:   <Lab1.out>
ENTRY POINT SYMBOL: "_c_int00"  address: 00001c4d


MEMORY CONFIGURATION

         name            origin    length      used     unused   attr    fill
----------------------  --------  ---------  --------  --------  ----  --------
  FLASH                 00000000   00040000  00002794  0003d86c  R  X
  SRAM                  20000000   00008000  00000254  00007dac  RW X


SEGMENT ALLOCATION MAP

run origin  load origin   length   init length attrs members
----------  ----------- ---------- ----------- ----- -------
00000000    00000000    00002794   00002794    r-x
  00000000    00000000    0000026c   0000026c    r-- .intvecs
  0000026c    0000026c    00001b44   00001b44    r-x .text
  00001db0    00001db0    000009a0   000009a0    r-- .const
  00002750    00002750    00000044   00000044    r-- .cinit
20000000    20000000    00000254   00000000    rw-
  20000000    20000000    00000200   00000000    rw- .stack
  20000200    20000200    00000038   00000000    rw- .bss
  20000238    20000238    0000001c   00000000    rw- .data


SECTION ALLOCATION MAP

 output                                  attributes/
section   page    origin      length       input sections
--------  ----  ----------  ----------   ----------------
.intvecs   0    00000000    0000026c     
                  00000000    0000026c     tm4c123gh6pm_startup_ccs.obj (.intvecs)

.text      0    0000026c    00001b44     
                  0000026c    000010a8     ST7735.obj (.text)
                  00001314    000003c0     fixed.obj (.text)
                  000016d4    00000164     Lab1.obj (.text)
                  00001838    00000136     rtsv7M4_T_le_v4SPD16_eabi.lib : fd_div_t2.obj (.text)
                  0000196e    0000009c                                   : memcpy_t2.obj (.text)
                  00001a0a    00000002                                   : mpu_init.obj (.text)
                  00001a0c    0000007c     PLL.obj (.text)
                  00001a88    0000007a     rtsv7M4_T_le_v4SPD16_eabi.lib : memset_t2.obj (.text)
                  00001b02    00000002                                   : startup.obj (.text)
                  00001b04    00000070                                   : autoinit.obj (.text)
                  00001b74    0000006e                                   : fd_tos_t2.obj (.text)
                  00001be2    0000006a                                   : copy_decompress_rle.obj (.text)
                  00001c4c    00000054                                   : boot.obj (.text)
                  00001ca0    00000054                                   : exit.obj (.text)
                  00001cf4    0000004c                                   : cpy_tbl.obj (.text)
                  00001d40    00000020                                   : u_tofd_t2.obj (.text)
                  00001d60    00000018                                   : args_main.obj (.text)
                  00001d78    00000014                                   : _lock.obj (.text)
                  00001d8c    0000000e                                   : copy_decompress_none.obj (.text:decompress:none)
                  00001d9a    0000000c     tm4c123gh6pm_startup_ccs.obj (.text)
                  00001da6    00000006     rtsv7M4_T_le_v4SPD16_eabi.lib : copy_decompress_rle.obj (.text:decompress:rle24)
                  00001dac    00000004                                   : pre_init.obj (.text)

.const     0    00001db0    000009a0     
                  00001db0    000004fb     ST7735.obj (.const:.string:Font)
                  000022ab    00000200     ST7735.obj (.const:.string:dBfs)
                  000024ab    00000001     --HOLE-- [fill = 0]
                  000024ac    000000c8     Lab1.obj (.const:StarXbuf)
                  00002574    000000c8     Lab1.obj (.const:StarYbuf)
                  0000263c    00000067     ST7735.obj (.const:.string:Bcmd)
                  000026a3    0000003b     ST7735.obj (.const:.string:Rcmd1)
                  000026de    0000002b     ST7735.obj (.const:.string:Rcmd3)
                  00002709    00000013     Lab1.obj (.const:.string:$P$T0$1)
                  0000271c    0000000d     ST7735.obj (.const:.string:Rcmd2green)
                  00002729    0000000d     ST7735.obj (.const:.string:Rcmd2red)
                  00002736    0000000a     Lab1.obj (.const:.string:$P$T1$2)
                  00002740    0000000a     Lab1.obj (.const:.string:$P$T2$3)
                  0000274a    00000006     fixed.obj (.const:.string:$P$T0$1)

.cinit     0    00002750    00000044     
                  00002750    0000001b     (.cinit..data.load) [load image, compression = rle]
                  0000276b    00000005     --HOLE-- [fill = 0]
                  00002770    00000009     (.cinit..bss.load) [load image, compression = rle]
                  00002779    00000003     --HOLE-- [fill = 0]
                  0000277c    00000008     (__TI_handler_table)
                  00002784    00000010     (__TI_cinit_table)

.init_array 
*          0    00000000    00000000     UNINITIALIZED

.stack     0    20000000    00000200     UNINITIALIZED
                  20000000    00000200     --HOLE--

.bss       0    20000200    00000038     UNINITIALIZED
                  20000200    0000000c     (.common:Message)
                  2000020c    00000004     ST7735.obj (.bss)
                  20000210    00000004     (.common:Cursor)
                  20000214    00000004     (.common:Messageindex)
                  20000218    00000004     (.common:StLine)
                  2000021c    00000004     (.common:X)
                  20000220    00000004     (.common:Xmax)
                  20000224    00000004     (.common:Xmin)
                  20000228    00000004     (.common:Xrange)
                  2000022c    00000004     (.common:Ymax)
                  20000230    00000004     (.common:Ymin)
                  20000234    00000004     (.common:Yrange)

.data      0    20000238    0000001c     UNINITIALIZED
                  20000238    0000000c     rtsv7M4_T_le_v4SPD16_eabi.lib : exit.obj (.data:$O1$$)
                  20000244    00000008                                   : _lock.obj (.data:$O1$$)
                  2000024c    00000004     ST7735.obj (.data)
                  20000250    00000004     rtsv7M4_T_le_v4SPD16_eabi.lib : stkdepth_vars.obj (.data)

MODULE SUMMARY

       Module                         code   ro data   rw data
       ------                         ----   -------   -------
    .\
       ST7735.obj                     4264   2018      60     
       fixed.obj                      960    6         0      
       Lab1.obj                       356    439       0      
       tm4c123gh6pm_startup_ccs.obj   12     620       0      
       PLL.obj                        124    0         0      
    +--+------------------------------+------+---------+---------+
       Total:                         5716   3083      60     
                                                              
    C:\ti\ccsv6\tools\compiler\arm_15.12.3.LTS\lib\rtsv7M4_T_le_v4SPD16_eabi.lib
       fd_div_t2.obj                  310    0         0      
       memcpy_t2.obj                  156    0         0      
       memset_t2.obj                  122    0         0      
       autoinit.obj                   112    0         0      
       copy_decompress_rle.obj        112    0         0      
       fd_tos_t2.obj                  110    0         0      
       exit.obj                       84     0         12     
       boot.obj                       84     0         0      
       cpy_tbl.obj                    76     0         0      
       u_tofd_t2.obj                  32     0         0      
       _lock.obj                      20     0         8      
       args_main.obj                  24     0         0      
       copy_decompress_none.obj       14     0         0      
       pre_init.obj                   4      0         0      
       stkdepth_vars.obj              0      0         4      
       mpu_init.obj                   2      0         0      
       startup.obj                    2      0         0      
    +--+------------------------------+------+---------+---------+
       Total:                         1264   0         24     
                                                              
       Stack:                         0      0         512    
       Linker Generated:              0      60        0      
    +--+------------------------------+------+---------+---------+
       Grand Total:                   6980   3143      596    


LINKER GENERATED COPY TABLES

__TI_cinit_table @ 00002784 records: 2, size/record: 8, table size: 16
	.data: load addr=00002750, load size=0000001b bytes, run addr=20000238, run size=0000001c bytes, compression=rle
	.bss: load addr=00002770, load size=00000009 bytes, run addr=20000200, run size=00000038 bytes, compression=rle


LINKER GENERATED HANDLER TABLE

__TI_handler_table @ 0000277c records: 2, size/record: 4, table size: 8
	index: 0, handler: __TI_decompress_rle24
	index: 1, handler: __TI_decompress_none


GLOBAL SYMBOLS: SORTED ALPHABETICALLY BY Name 

address   name                           
-------   ----                           
00001ca1  C$$EXIT                        
20000210  Cursor                         
000002b9  Delay1ms                       
000017c5  DelayWait10ms                  
20000200  Message                        
20000214  Messageindex                   
00001a0d  PLL_Init                       
000016d5  Pause                          
00001775  PortF_Init                     
00001d9b  ResetISR                       
UNDEFED   SHT$$INIT_ARRAY$$Base          
UNDEFED   SHT$$INIT_ARRAY$$Limit         
000008ed  ST7735_Color565                
0000094f  ST7735_DrawBitmap              
00000ce5  ST7735_DrawChar                
00000b4b  ST7735_DrawCharS               
000006e9  ST7735_DrawFastHLine           
00000607  ST7735_DrawFastVLine           
000005a5  ST7735_DrawPixel               
000007e1  ST7735_FillRect                
000007a5  ST7735_FillScreen              
000004a3  ST7735_InitB                   
000004ad  ST7735_InitR                   
000010a1  ST7735_InvertDisplay           
00000e73  ST7735_OutString               
00000f4b  ST7735_OutUDec                 
00000f7d  ST7735_OutUDec2                
00001227  ST7735_PlotBar                 
000010b9  ST7735_PlotClear               
000012d9  ST7735_PlotNext                
00001165  ST7735_PlotPoint               
00001289  ST7735_PlotdBfs                
00000fd1  ST7735_SetRotation             
00000929  ST7735_SwapColor               
00001687  ST7735_XYplot                  
00001315  ST7735_sDecOut3                
000014c1  ST7735_uBinOut8                
20000218  StLine                         
000024ac  StarXbuf                       
00002574  StarYbuf                       
2000021c  X                              
20000220  Xmax                           
20000224  Xmin                           
20000228  Xrange                         
2000022c  Ymax                           
20000230  Ymin                           
20000234  Yrange                         
20000200  __STACK_END                    
00000200  __STACK_SIZE                   
20000200  __STACK_TOP                    
00002784  __TI_CINIT_Base                
00002794  __TI_CINIT_Limit               
0000277c  __TI_Handler_Table_Base        
00002784  __TI_Handler_Table_Limit       
00001b05  __TI_auto_init                 
20000238  __TI_cleanup_ptr               
00001d8d  __TI_decompress_none           
00001da7  __TI_decompress_rle24          
2000023c  __TI_dtors_ptr                 
20000240  __TI_enable_exit_profile_output
ffffffff  __TI_pprof_out_hndl            
ffffffff  __TI_prof_data_size            
ffffffff  __TI_prof_data_start           
00000000  __TI_static_base__             
00001b75  __aeabi_d2f                    
00001839  __aeabi_ddiv                   
00001a89  __aeabi_memclr                 
00001a89  __aeabi_memclr4                
00001a89  __aeabi_memclr8                
0000196f  __aeabi_memcpy                 
0000196f  __aeabi_memcpy4                
0000196f  __aeabi_memcpy8                
00001a8b  __aeabi_memset                 
00001a8b  __aeabi_memset4                
00001a8b  __aeabi_memset8                
00001d41  __aeabi_ui2d                   
ffffffff  __binit__                      
ffffffff  __c_args__                     
00001a0b  __mpu_init                     
20000000  __stack                        
00001d61  _args_main                     
00001c4d  _c_int00                       
20000244  _lock                          
00001d87  _nop                           
00001d7f  _register_lock                 
00001d79  _register_unlock               
00001b03  _system_post_cinit             
00001dad  _system_pre_init               
20000248  _unlock                        
00001ca5  abort                          
ffffffff  binit                          
00001cf5  copy_in                        
000022ab  dBfs                           
00001cad  exit                           
00000f09  fillmessage                    
00000000  g_pfnVectors                   
00001703  main                           
20000250  main_func_sp                   
0000196f  memcpy                         
00001a91  memset                         


GLOBAL SYMBOLS: SORTED BY Symbol Address 

address   name                           
-------   ----                           
00000000  __TI_static_base__             
00000000  g_pfnVectors                   
00000200  __STACK_SIZE                   
000002b9  Delay1ms                       
000004a3  ST7735_InitB                   
000004ad  ST7735_InitR                   
000005a5  ST7735_DrawPixel               
00000607  ST7735_DrawFastVLine           
000006e9  ST7735_DrawFastHLine           
000007a5  ST7735_FillScreen              
000007e1  ST7735_FillRect                
000008ed  ST7735_Color565                
00000929  ST7735_SwapColor               
0000094f  ST7735_DrawBitmap              
00000b4b  ST7735_DrawCharS               
00000ce5  ST7735_DrawChar                
00000e73  ST7735_OutString               
00000f09  fillmessage                    
00000f4b  ST7735_OutUDec                 
00000f7d  ST7735_OutUDec2                
00000fd1  ST7735_SetRotation             
000010a1  ST7735_InvertDisplay           
000010b9  ST7735_PlotClear               
00001165  ST7735_PlotPoint               
00001227  ST7735_PlotBar                 
00001289  ST7735_PlotdBfs                
000012d9  ST7735_PlotNext                
00001315  ST7735_sDecOut3                
000014c1  ST7735_uBinOut8                
00001687  ST7735_XYplot                  
000016d5  Pause                          
00001703  main                           
00001775  PortF_Init                     
000017c5  DelayWait10ms                  
00001839  __aeabi_ddiv                   
0000196f  __aeabi_memcpy                 
0000196f  __aeabi_memcpy4                
0000196f  __aeabi_memcpy8                
0000196f  memcpy                         
00001a0b  __mpu_init                     
00001a0d  PLL_Init                       
00001a89  __aeabi_memclr                 
00001a89  __aeabi_memclr4                
00001a89  __aeabi_memclr8                
00001a8b  __aeabi_memset                 
00001a8b  __aeabi_memset4                
00001a8b  __aeabi_memset8                
00001a91  memset                         
00001b03  _system_post_cinit             
00001b05  __TI_auto_init                 
00001b75  __aeabi_d2f                    
00001c4d  _c_int00                       
00001ca1  C$$EXIT                        
00001ca5  abort                          
00001cad  exit                           
00001cf5  copy_in                        
00001d41  __aeabi_ui2d                   
00001d61  _args_main                     
00001d79  _register_unlock               
00001d7f  _register_lock                 
00001d87  _nop                           
00001d8d  __TI_decompress_none           
00001d9b  ResetISR                       
00001da7  __TI_decompress_rle24          
00001dad  _system_pre_init               
000022ab  dBfs                           
000024ac  StarXbuf                       
00002574  StarYbuf                       
0000277c  __TI_Handler_Table_Base        
00002784  __TI_CINIT_Base                
00002784  __TI_Handler_Table_Limit       
00002794  __TI_CINIT_Limit               
20000000  __stack                        
20000200  Message                        
20000200  __STACK_END                    
20000200  __STACK_TOP                    
20000210  Cursor                         
20000214  Messageindex                   
20000218  StLine                         
2000021c  X                              
20000220  Xmax                           
20000224  Xmin                           
20000228  Xrange                         
2000022c  Ymax                           
20000230  Ymin                           
20000234  Yrange                         
20000238  __TI_cleanup_ptr               
2000023c  __TI_dtors_ptr                 
20000240  __TI_enable_exit_profile_output
20000244  _lock                          
20000248  _unlock                        
20000250  main_func_sp                   
ffffffff  __TI_pprof_out_hndl            
ffffffff  __TI_prof_data_size            
ffffffff  __TI_prof_data_start           
ffffffff  __binit__                      
ffffffff  __c_args__                     
ffffffff  binit                          
UNDEFED   SHT$$INIT_ARRAY$$Base          
UNDEFED   SHT$$INIT_ARRAY$$Limit         

[100 symbols]
